scrypt:32768:8:1$TBqLMIU2ZvpBOfm3$2ba7d36ac31cd1ae5fd421f2f8a29eac23ac5ace08c9783705b797d948ab277d1615186032b2f769745c77022331169e3373252da5760bbf48c0f051d6a162d0
开始同步数据库表结构...
数据库表结构同步完成
开始创建性能优化索引...
索引 idx_user_email 已存在，跳过
索引 idx_user_created_at 已存在，跳过
索引 idx_project_user_id 已存在，跳过
索引 idx_project_status 已存在，跳过
索引 idx_project_created_at 已存在，跳过
索引 idx_project_name 已存在，跳过
索引 idx_permission_user_id 已存在，跳过
索引 idx_permission_project_id 已存在，跳过
索引 unique_user_project 已存在，跳过
索引 idx_badcase_project_id 已存在，跳过
索引 idx_badcase_creator_id 已存在，跳过
索引 idx_badcase_status 已存在，跳过
索引 idx_badcase_priority 已存在，跳过
索引 idx_badcase_created_at 已存在，跳过
索引 idx_badcase_project_status 已存在，跳过
索引 idx_badcase_project_created 已存在，跳过
索引 idx_comment_badcase_id 已存在，跳过
索引 idx_comment_user_id 已存在，跳过
索引 idx_comment_created_at 已存在，跳过
索引 idx_template_project_id 已存在，跳过
索引 idx_template_name 已存在，跳过
索引 idx_plan_project_id 已存在，跳过
索引 idx_plan_parent_id 已存在，跳过
索引 idx_plan_type 已存在，跳过
索引 idx_plan_status 已存在，跳过
索引 idx_plan_creator_id 已存在，跳过
索引 idx_plan_assignee_id 已存在，跳过
索引 idx_bug_project_id 已存在，跳过
索引 idx_bug_plan_id 已存在，跳过
索引 idx_bug_creator_id 已存在，跳过
索引 idx_bug_assignee_id 已存在，跳过
索引 idx_bug_status 已存在，跳过
索引 idx_bug_priority 已存在，跳过
索引 idx_bug_severity 已存在，跳过
索引 idx_bug_comment_bug_id 已存在，跳过
索引 idx_bug_comment_user_id 已存在，跳过
索引 idx_badcase_plan_id 已存在，跳过
性能优化索引创建完成
已更新用户密码: 2629258027@qq.com / 123456
数据库初始化成功
正在初始化MinIO...
存储桶 apaas-root 已存在
正在初始化Redis...
正在连接Redis: 117.72.33.38:26378
✅ Redis连接成功
✅ Redis初始化成功
 * Serving Flask app 'app'
 * Debug mode: on
Address already in use
Port 5000 is in use by another program. Either identify and stop that program, or start the server with a different port.
On macOS, try searching for and disabling 'AirPlay Receiver' in System Settings.
